-----------------------------------------
cache size = 1024
block size = 64
#blocks = 16
#sets = 4
associativity = 4
memory_size_bits = 16
tag length = 8
write back
-----------------------------------------

read miss [addr=46916 index=1 block_index=0 tag=183: word=46916 (46912 - 46975)]
[ -1 -1 -1 183 ]
address = 46916 1011011101000100; word = 46916

read hit [addr=46932 index=1 block_index=0 tag=183: word=46932 (46912 - 46975)]
[ -1 -1 -1 183 ]
address = 46932 1011011101010100; word = 46932

read miss [addr=12936 index=2 block_index=0 tag=50: word=12936 (12928 - 12991)]
[ -1 -1 -1 50 ]
address = 12936 0011001010001000; word = 12936

read miss [addr=13964 index=2 block_index=1 tag=54: word=13964 (13952 - 14015)]
[ -1 -1 50 54 ]
address = 13964 0011011010001100; word = 13964

write 40 to address 46956 1011011101101100
write hit [addr=46956 index=1 block_index=0 tag=183: word=40 (46912 - 46975)]
[ -1 -1 -1 183 ]

now read that same word: should be 40
read hit [addr=46956 index=1 block_index=0 tag=183: word=40 (46912 - 46975)]
[ -1 -1 -1 183 ]
address = 46956 1011011101101100; word = 40

read miss [addr=56132 index=1 block_index=1 tag=219: word=56132 (56128 - 56191)]
[ -1 -1 183 219 ]
address = 56132 1101101101000100; word = 56132

